creating devcontainer
deleting devcontainer: devcontainerID=26a63e07c8d192bb872ec39f3fb81726c0b6e0ff262a4c2b0e8d987c67582dfc
inspecting image: image=alpine:3.19
running docker command: command=docker, args=run --sig-proxy=false --mount type=bind,src=/tmp/dl-195-scratch/proj2,dst=/workspaces/dl195pull -e DEVPOD=true -e REMOTE_CONTAINERS=true -e DEVPOD_WORKSPACE_ID=dl195pull -e DEVPOD_WORKSPACE_UID=default-dl-548ff -l dev.containers.id=default-dl-548ff -l devcontainer.metadata=[{"postCreateCommand":{"":["sh -c 'echo PC-START; sleep 3; echo PC-END'"]}}] -l devpod.user= -d --entrypoint /bin/sh alpine:3.19 -c echo Container started
trap "exit 0" 15
exec "$@"

while ! command -v /usr/local/bin/devpod >/dev/null 2>&1; do
  echo "waiting for devpod agent to be available"
  sleep 1
done
exec /usr/local/bin/devpod agent container daemon
 -, cwd=/tmp/dl-195-scratch/proj2
eda60c5e5bbf4c6c4dd7085a1024fe7bbe3a26237b5a342fc0862516f0ac1950
setting up container
chown workspace: user=root, workspaceRoot=/workspaces
chown workspace recursively: user=root, workspaceFolder=/workspaces/dl195pull
setup KubeConfig
running postCreateCommands lifecycle hook:  sh -c 'echo PC-START; sleep 3; echo PC-END'
PC-START
PC-END
ran command: command=, args=sh -c 'echo PC-START; sleep 3; echo PC-END'
SSH configuration completed in workspace
